
Table CORP이(가) 생성되었습니다.


INDEX PK_CORP이(가) 생성되었습니다.


Table CORP이(가) 변경되었습니다.


Comment이(가) 생성되었습니다.


Comment이(가) 생성되었습니다.


Comment이(가) 생성되었습니다.


Comment이(가) 생성되었습니다.


Comment이(가) 생성되었습니다.


Comment이(가) 생성되었습니다.


Comment이(가) 생성되었습니다.


Comment이(가) 생성되었습니다.


Comment이(가) 생성되었습니다.


Comment이(가) 생성되었습니다.


Comment이(가) 생성되었습니다.


Comment이(가) 생성되었습니다.


Comment이(가) 생성되었습니다.


Comment이(가) 생성되었습니다.


Comment이(가) 생성되었습니다.


Table LOAN_HISTORY이(가) 생성되었습니다.


INDEX PK_LOAN_HISTORY이(가) 생성되었습니다.


Table LOAN_HISTORY이(가) 변경되었습니다.


Comment이(가) 생성되었습니다.


Comment이(가) 생성되었습니다.


Comment이(가) 생성되었습니다.


Comment이(가) 생성되었습니다.


Comment이(가) 생성되었습니다.


Comment이(가) 생성되었습니다.


Comment이(가) 생성되었습니다.


Comment이(가) 생성되었습니다.


Comment이(가) 생성되었습니다.


Comment이(가) 생성되었습니다.


Comment이(가) 생성되었습니다.


Comment이(가) 생성되었습니다.


Table LOAN_PROD이(가) 생성되었습니다.


Table LOAN_PROD이(가) 변경되었습니다.


Comment이(가) 생성되었습니다.


Comment이(가) 생성되었습니다.


Comment이(가) 생성되었습니다.


Comment이(가) 생성되었습니다.


Comment이(가) 생성되었습니다.


Comment이(가) 생성되었습니다.


Comment이(가) 생성되었습니다.


Comment이(가) 생성되었습니다.


Comment이(가) 생성되었습니다.


Comment이(가) 생성되었습니다.


Comment이(가) 생성되었습니다.


Table LOAN_WAITING이(가) 생성되었습니다.


INDEX PK_LOAN_WAITING이(가) 생성되었습니다.


Table LOAN_WAITING이(가) 변경되었습니다.


Comment이(가) 생성되었습니다.


Comment이(가) 생성되었습니다.


Comment이(가) 생성되었습니다.


Comment이(가) 생성되었습니다.


Comment이(가) 생성되었습니다.


Comment이(가) 생성되었습니다.


Comment이(가) 생성되었습니다.


Comment이(가) 생성되었습니다.


Comment이(가) 생성되었습니다.


Comment이(가) 생성되었습니다.


Table LOAN_DOC이(가) 생성되었습니다.


Table LOAN_DOC이(가) 변경되었습니다.


Comment이(가) 생성되었습니다.


Comment이(가) 생성되었습니다.


Comment이(가) 생성되었습니다.


Comment이(가) 생성되었습니다.


Comment이(가) 생성되었습니다.


Comment이(가) 생성되었습니다.


Table BANK_EMP이(가) 생성되었습니다.


INDEX PK_BANK_EMP이(가) 생성되었습니다.


Table BANK_EMP이(가) 변경되었습니다.


Comment이(가) 생성되었습니다.


Comment이(가) 생성되었습니다.


Comment이(가) 생성되었습니다.


Comment이(가) 생성되었습니다.


Comment이(가) 생성되었습니다.


Comment이(가) 생성되었습니다.


Comment이(가) 생성되었습니다.


Comment이(가) 생성되었습니다.


Table ACCOUNTANT이(가) 생성되었습니다.


INDEX PK_ACCOUNTANT이(가) 생성되었습니다.


Table ACCOUNTANT이(가) 변경되었습니다.


Table ACCOUNTANT이(가) 변경되었습니다.


Comment이(가) 생성되었습니다.


Comment이(가) 생성되었습니다.


Comment이(가) 생성되었습니다.


Comment이(가) 생성되었습니다.


Comment이(가) 생성되었습니다.


Comment이(가) 생성되었습니다.


Table CODE이(가) 생성되었습니다.


Table CODE이(가) 변경되었습니다.


Comment이(가) 생성되었습니다.


Comment이(가) 생성되었습니다.


Comment이(가) 생성되었습니다.


Comment이(가) 생성되었습니다.


Comment이(가) 생성되었습니다.


Table CREDIT_RANK_HISTORY이(가) 생성되었습니다.


INDEX PK_CREDIT_RANK_HISTORY이(가) 생성되었습니다.


Table CREDIT_RANK_HISTORY이(가) 변경되었습니다.


Comment이(가) 생성되었습니다.


Comment이(가) 생성되었습니다.


Comment이(가) 생성되었습니다.


Comment이(가) 생성되었습니다.


Comment이(가) 생성되었습니다.


Table FS_STATUS이(가) 생성되었습니다.


INDEX PK_FS_STATUS이(가) 생성되었습니다.


Table FS_STATUS이(가) 변경되었습니다.


Comment이(가) 생성되었습니다.


Comment이(가) 생성되었습니다.


Comment이(가) 생성되었습니다.


Comment이(가) 생성되었습니다.


Comment이(가) 생성되었습니다.


Comment이(가) 생성되었습니다.


Comment이(가) 생성되었습니다.


Comment이(가) 생성되었습니다.


Comment이(가) 생성되었습니다.


Comment이(가) 생성되었습니다.


Comment이(가) 생성되었습니다.


Comment이(가) 생성되었습니다.


Table ICM_STMT이(가) 생성되었습니다.


INDEX PK_ICM_STMT이(가) 생성되었습니다.


Table ICM_STMT이(가) 변경되었습니다.


Comment이(가) 생성되었습니다.


Comment이(가) 생성되었습니다.


Comment이(가) 생성되었습니다.


Comment이(가) 생성되었습니다.


Comment이(가) 생성되었습니다.


Comment이(가) 생성되었습니다.


Table FNC_STMT이(가) 생성되었습니다.


INDEX PK_FNC_STMT이(가) 생성되었습니다.


Table FNC_STMT이(가) 변경되었습니다.


Comment이(가) 생성되었습니다.


Comment이(가) 생성되었습니다.


Comment이(가) 생성되었습니다.


Comment이(가) 생성되었습니다.


Table REP이(가) 생성되었습니다.


INDEX PK_REP이(가) 생성되었습니다.


Table REP이(가) 변경되었습니다.


Comment이(가) 생성되었습니다.


Comment이(가) 생성되었습니다.


Comment이(가) 생성되었습니다.


Table CASH_FLOW이(가) 생성되었습니다.


INDEX PK_CASH_FLOW이(가) 생성되었습니다.


Table CASH_FLOW이(가) 변경되었습니다.


Comment이(가) 생성되었습니다.


Comment이(가) 생성되었습니다.


Comment이(가) 생성되었습니다.


Comment이(가) 생성되었습니다.


Comment이(가) 생성되었습니다.


Comment이(가) 생성되었습니다.


Table LOAN_MGR이(가) 생성되었습니다.


INDEX PK_LOAN_MGR이(가) 생성되었습니다.


Table LOAN_MGR이(가) 변경되었습니다.


Comment이(가) 생성되었습니다.


Comment이(가) 생성되었습니다.


Comment이(가) 생성되었습니다.


Comment이(가) 생성되었습니다.


Table LOAN_EVAL이(가) 생성되었습니다.


INDEX PK_LOAN_EVAL이(가) 생성되었습니다.


Table LOAN_EVAL이(가) 변경되었습니다.


Comment이(가) 생성되었습니다.


Comment이(가) 생성되었습니다.


Comment이(가) 생성되었습니다.


Comment이(가) 생성되었습니다.


Comment이(가) 생성되었습니다.


Comment이(가) 생성되었습니다.


Table APP_ASSURANCE이(가) 생성되었습니다.


Table APP_ASSURANCE이(가) 변경되었습니다.


Comment이(가) 생성되었습니다.


Comment이(가) 생성되었습니다.


Comment이(가) 생성되었습니다.


Comment이(가) 생성되었습니다.


Comment이(가) 생성되었습니다.


Table RPY_HISTORY이(가) 생성되었습니다.


Table RPY_HISTORY이(가) 변경되었습니다.


Comment이(가) 생성되었습니다.


Comment이(가) 생성되었습니다.


Comment이(가) 생성되었습니다.


Comment이(가) 생성되었습니다.


Comment이(가) 생성되었습니다.


Table LOAN_ASSURANCE이(가) 생성되었습니다.


Table LOAN_ASSURANCE이(가) 변경되었습니다.


Comment이(가) 생성되었습니다.


Comment이(가) 생성되었습니다.


Comment이(가) 생성되었습니다.


Comment이(가) 생성되었습니다.


Comment이(가) 생성되었습니다.


Table CORP이(가) 변경되었습니다.


Table LOAN_HISTORY이(가) 변경되었습니다.


Table LOAN_HISTORY이(가) 변경되었습니다.


Table LOAN_HISTORY이(가) 변경되었습니다.


Table LOAN_WAITING이(가) 변경되었습니다.


Table LOAN_WAITING이(가) 변경되었습니다.


Table LOAN_WAITING이(가) 변경되었습니다.


Table LOAN_DOC이(가) 변경되었습니다.


Table CREDIT_RANK_HISTORY이(가) 변경되었습니다.


Table FS_STATUS이(가) 변경되었습니다.


Table ICM_STMT이(가) 변경되었습니다.


Table FNC_STMT이(가) 변경되었습니다.


Table REP이(가) 변경되었습니다.


Table CASH_FLOW이(가) 변경되었습니다.


Table LOAN_MGR이(가) 변경되었습니다.


Table LOAN_EVAL이(가) 변경되었습니다.


Table APP_ASSURANCE이(가) 변경되었습니다.


Table RPY_HISTORY이(가) 변경되었습니다.


Table LOAN_ASSURANCE이(가) 변경되었습니다.


Table LOAN_WAITING이(가) 변경되었습니다.


Table LOAN_WAITING이(가) 변경되었습니다.


Table CORP이(가) 변경되었습니다.


Table LOAN_PROD이(가) 변경되었습니다.


Table CREDIT_RANK_HISTORY이(가) 변경되었습니다.


Table LOAN_EVAL이(가) 변경되었습니다.


Table LOAN_HISTORY이(가) 변경되었습니다.


Table LOAN_HISTORY이(가) 변경되었습니다.


Table LOAN_HISTORY이(가) 변경되었습니다.


Table RPY_HISTORY이(가) 변경되었습니다.


Table LOAN_DOC이(가) 변경되었습니다.


1 행 이(가) 삽입되었습니다.


1 행 이(가) 삽입되었습니다.


1 행 이(가) 삽입되었습니다.


1 행 이(가) 삽입되었습니다.


1 행 이(가) 삽입되었습니다.


1 행 이(가) 삽입되었습니다.


1 행 이(가) 삽입되었습니다.


1 행 이(가) 삽입되었습니다.


1 행 이(가) 삽입되었습니다.


1 행 이(가) 삽입되었습니다.


1 행 이(가) 삽입되었습니다.


1 행 이(가) 삽입되었습니다.


1 행 이(가) 삽입되었습니다.


1 행 이(가) 삽입되었습니다.


1 행 이(가) 삽입되었습니다.


1 행 이(가) 삽입되었습니다.


1 행 이(가) 삽입되었습니다.


1 행 이(가) 삽입되었습니다.


1 행 이(가) 삽입되었습니다.


1 행 이(가) 삽입되었습니다.


1 행 이(가) 삽입되었습니다.


1 행 이(가) 삽입되었습니다.


1 행 이(가) 삽입되었습니다.


1 행 이(가) 삽입되었습니다.


1 행 이(가) 삽입되었습니다.


1 행 이(가) 삽입되었습니다.


1 행 이(가) 삽입되었습니다.


1 행 이(가) 삽입되었습니다.


1 행 이(가) 삽입되었습니다.


1 행 이(가) 삽입되었습니다.


1 행 이(가) 삽입되었습니다.


1 행 이(가) 삽입되었습니다.


1 행 이(가) 삽입되었습니다.


1 행 이(가) 삽입되었습니다.


1 행 이(가) 삽입되었습니다.


1 행 이(가) 삽입되었습니다.


1 행 이(가) 삽입되었습니다.


1 행 이(가) 삽입되었습니다.


1 행 이(가) 삽입되었습니다.


1 행 이(가) 삽입되었습니다.


1 행 이(가) 삽입되었습니다.


1 행 이(가) 삽입되었습니다.


1 행 이(가) 삽입되었습니다.


1 행 이(가) 삽입되었습니다.


1 행 이(가) 삽입되었습니다.


1 행 이(가) 삽입되었습니다.


1 행 이(가) 삽입되었습니다.


1 행 이(가) 삽입되었습니다.


1 행 이(가) 삽입되었습니다.


1 행 이(가) 삽입되었습니다.


1 행 이(가) 삽입되었습니다.


1 행 이(가) 삽입되었습니다.


1 행 이(가) 삽입되었습니다.


1 행 이(가) 삽입되었습니다.


1 행 이(가) 삽입되었습니다.


1 행 이(가) 삽입되었습니다.


1 행 이(가) 삽입되었습니다.


1 행 이(가) 삽입되었습니다.


1 행 이(가) 삽입되었습니다.


1 행 이(가) 삽입되었습니다.


1 행 이(가) 삽입되었습니다.


1 행 이(가) 삽입되었습니다.


1 행 이(가) 삽입되었습니다.


1 행 이(가) 삽입되었습니다.


1 행 이(가) 삽입되었습니다.


1 행 이(가) 삽입되었습니다.


1 행 이(가) 삽입되었습니다.


1 행 이(가) 삽입되었습니다.


1 행 이(가) 삽입되었습니다.


1 행 이(가) 삽입되었습니다.


1 행 이(가) 삽입되었습니다.


1 행 이(가) 삽입되었습니다.


1 행 이(가) 삽입되었습니다.


1 행 이(가) 삽입되었습니다.


1 행 이(가) 삽입되었습니다.


1 행 이(가) 삽입되었습니다.


1 행 이(가) 삽입되었습니다.


1 행 이(가) 삽입되었습니다.


1 행 이(가) 삽입되었습니다.


1 행 이(가) 삽입되었습니다.


1 행 이(가) 삽입되었습니다.


1 행 이(가) 삽입되었습니다.


1 행 이(가) 삽입되었습니다.


1 행 이(가) 삽입되었습니다.


1 행 이(가) 삽입되었습니다.


1 행 이(가) 삽입되었습니다.


1 행 이(가) 삽입되었습니다.


1 행 이(가) 삽입되었습니다.


1 행 이(가) 삽입되었습니다.


1 행 이(가) 삽입되었습니다.


1 행 이(가) 삽입되었습니다.


1 행 이(가) 삽입되었습니다.


1 행 이(가) 삽입되었습니다.


1 행 이(가) 삽입되었습니다.


1 행 이(가) 삽입되었습니다.


1 행 이(가) 삽입되었습니다.


1 행 이(가) 삽입되었습니다.


1 행 이(가) 삽입되었습니다.


1 행 이(가) 삽입되었습니다.


1 행 이(가) 삽입되었습니다.


1 행 이(가) 삽입되었습니다.


1 행 이(가) 삽입되었습니다.


1 행 이(가) 삽입되었습니다.


1 행 이(가) 삽입되었습니다.


1 행 이(가) 삽입되었습니다.


1 행 이(가) 삽입되었습니다.


1 행 이(가) 삽입되었습니다.


1 행 이(가) 삽입되었습니다.


1 행 이(가) 삽입되었습니다.


1 행 이(가) 삽입되었습니다.


1 행 이(가) 삽입되었습니다.


1 행 이(가) 삽입되었습니다.


1 행 이(가) 삽입되었습니다.


1 행 이(가) 삽입되었습니다.


1 행 이(가) 삽입되었습니다.


1 행 이(가) 삽입되었습니다.


1 행 이(가) 삽입되었습니다.


1 행 이(가) 삽입되었습니다.


1 행 이(가) 삽입되었습니다.


1 행 이(가) 삽입되었습니다.


1 행 이(가) 삽입되었습니다.


1 행 이(가) 삽입되었습니다.


1 행 이(가) 삽입되었습니다.


1 행 이(가) 삽입되었습니다.


1 행 이(가) 삽입되었습니다.


1 행 이(가) 삽입되었습니다.


1 행 이(가) 삽입되었습니다.


1 행 이(가) 삽입되었습니다.


1 행 이(가) 삽입되었습니다.


1 행 이(가) 삽입되었습니다.


1 행 이(가) 삽입되었습니다.


1 행 이(가) 삽입되었습니다.


1 행 이(가) 삽입되었습니다.


1 행 이(가) 삽입되었습니다.


1 행 이(가) 삽입되었습니다.


1 행 이(가) 삽입되었습니다.


1 행 이(가) 삽입되었습니다.


1 행 이(가) 삽입되었습니다.


1 행 이(가) 삽입되었습니다.


1 행 이(가) 삽입되었습니다.


1 행 이(가) 삽입되었습니다.


1 행 이(가) 삽입되었습니다.


1 행 이(가) 삽입되었습니다.


1 행 이(가) 삽입되었습니다.


1 행 이(가) 삽입되었습니다.


1 행 이(가) 삽입되었습니다.


1 행 이(가) 삽입되었습니다.


1 행 이(가) 삽입되었습니다.


1 행 이(가) 삽입되었습니다.


1 행 이(가) 삽입되었습니다.


1 행 이(가) 삽입되었습니다.


1 행 이(가) 삽입되었습니다.


1 행 이(가) 삽입되었습니다.


1 행 이(가) 삽입되었습니다.


1 행 이(가) 삽입되었습니다.


1 행 이(가) 삽입되었습니다.


1 행 이(가) 삽입되었습니다.


1 행 이(가) 삽입되었습니다.


1 행 이(가) 삽입되었습니다.


1 행 이(가) 삽입되었습니다.


1 행 이(가) 삽입되었습니다.


1 행 이(가) 삽입되었습니다.


1 행 이(가) 삽입되었습니다.


1 행 이(가) 삽입되었습니다.


1 행 이(가) 삽입되었습니다.


1 행 이(가) 삽입되었습니다.


1 행 이(가) 삽입되었습니다.


1 행 이(가) 삽입되었습니다.


1 행 이(가) 삽입되었습니다.


1 행 이(가) 삽입되었습니다.


1 행 이(가) 삽입되었습니다.


1 행 이(가) 삽입되었습니다.


1 행 이(가) 삽입되었습니다.


1 행 이(가) 삽입되었습니다.


1 행 이(가) 삽입되었습니다.


1 행 이(가) 삽입되었습니다.


1 행 이(가) 삽입되었습니다.


1 행 이(가) 삽입되었습니다.


1 행 이(가) 삽입되었습니다.


1 행 이(가) 삽입되었습니다.


1 행 이(가) 삽입되었습니다.


1 행 이(가) 삽입되었습니다.


1 행 이(가) 삽입되었습니다.


1 행 이(가) 삽입되었습니다.


1 행 이(가) 삽입되었습니다.


1 행 이(가) 삽입되었습니다.


1 행 이(가) 삽입되었습니다.


1 행 이(가) 삽입되었습니다.


1 행 이(가) 삽입되었습니다.


1 행 이(가) 삽입되었습니다.


Function CALC_LEFT_DAYS이(가) 컴파일되었습니다.


Trigger TRG_MID_RPY_FEE이(가) 컴파일되었습니다.


NAME                          
------------------------------
나한결


CORP_ID     
------------
samsung
kakao


CORP_NAME                                                                                            RNK_DATE                    CRE
---------------------------------------------------------------------------------------------------- --------------------------- ---
E1                                                                                                                                  
하나음융티아이                                                                                           20/06/07                    AAA
한세실업                                                                                                                              
현대중공업                                                                                                                            
기업은행                                                                                                                              
카카오                                                                                                20/06/07                    AAA
가경                                                                                                                                 
라인비즈플러스                                                                                                                          
NAVER                                                                                                                               
삼성전자                                                                                               17/06/07                    AAA
삼성전자                                                                                               19/06/07                    AAA

CORP_NAME                                                                                            RNK_DATE                    CRE
---------------------------------------------------------------------------------------------------- --------------------------- ---
삼성전자                                                                                               20/06/07                    AAA
삼성전자                                                                                               18/06/07                    AAA

13개 행이 선택되었습니다. 


ENAME                     COUNT
-------------------- ----------
김관모                         0
김상욱                         0
박길자                         0
박은혜                         0
박의한                         0
이길동                         4
이지훈                         0
이한동                         0
함예욱                         0
홍길동                         0

10개 행이 선택되었습니다. 

